0.676804650241767
-0.367747499571779
1.520140226659281
0.642890455345565
0.048836821925717
-0.738079207338088
-0.316607069593953
-1.819807332893559
-0.759379910170053
0.561266174828920
0.006884644741628
0.243806978106618
-0.255881852579955
0.202849975954721
0.047029296898426
-0.353352493267718
-0.597678875550463
0.390645676803039
0.132011380897341
0.314806490463818
0.074512997381398
1.291824814498034
2.062818377989986
-0.353098730964950
1.271986790541819
-1.828435511149059
-0.926681865026211
0.947333547737562
0.531728834756597
1.295761778007524
-0.983294871260349
-0.210407612669440
-0.519289811340301
0.737605593560088
-0.194878965065324
-1.191371662506433
0.231080192228609
-0.289468106051033
1.348231938483799
-0.004572583566911
